---
source: tests/integration_tests.rs
expression: "stdout.lines().collect::<Vec<&str>>()"
---
[
    "╭──────┬─────────┬────────────┬─────────────┬────────────────────────────────────────────────────────╮",
    "│ Line ┆ Type    ┆ Due Date   ┆ Owner       ┆ bash/test.sh                                           │",
    "╞══════╪═════════╪════════════╪═════════════╪════════════════════════════════════════════════════════╡",
    "│ 3    ┆ Overdue ┆ 2023-10-01 ┆ alice.smith ┆ # TODO: 2023-10-01 @alice.smith Implement the function │",
    "╰──────┴─────────┴────────────┴─────────────┴────────────────────────────────────────────────────────╯",
    "╭──────┬─────────┬────────────┬─────────────┬─────────────────────────────────────────────────────────╮",
    "│ Line ┆ Type    ┆ Due Date   ┆ Owner       ┆ c/test.c                                                │",
    "╞══════╪═════════╪════════════╪═════════════╪═════════════════════════════════════════════════════════╡",
    "│ 3    ┆ Overdue ┆ 2023-10-01 ┆ alice.smith ┆ // TODO: 2023-10-01 @alice.smith Implement the function │",
    "├╌╌╌╌╌╌┼╌╌╌╌╌╌╌╌╌┼╌╌╌╌╌╌╌╌╌╌╌╌┼╌╌╌╌╌╌╌╌╌╌╌╌╌┼╌╌╌╌╌╌╌╌╌╌╌╌╌╌╌╌╌╌╌╌╌╌╌╌╌╌╌╌╌╌╌╌╌╌╌╌╌╌╌╌╌╌╌╌╌╌╌╌╌╌╌╌╌╌╌╌╌┤",
    "│ 11   ┆ Overdue ┆ 2023-10-01 ┆ alice.smith ┆ /*                                                      │",
    "│      ┆         ┆            ┆             ┆ TODO: 2023-10-01 @alice.smith Implement the function    │",
    "│      ┆         ┆            ┆             ┆ */                                                      │",
    "╰──────┴─────────┴────────────┴─────────────┴─────────────────────────────────────────────────────────╯",
    "╭──────┬─────────┬────────────┬─────────────┬─────────────────────────────────────────────────────────╮",
    "│ Line ┆ Type    ┆ Due Date   ┆ Owner       ┆ c_sharp/test.cs                                         │",
    "╞══════╪═════════╪════════════╪═════════════╪═════════════════════════════════════════════════════════╡",
    "│ 3    ┆ Overdue ┆ 2023-10-01 ┆ alice.smith ┆ // TODO: 2023-10-01 @alice.smith Implement the function │",
    "├╌╌╌╌╌╌┼╌╌╌╌╌╌╌╌╌┼╌╌╌╌╌╌╌╌╌╌╌╌┼╌╌╌╌╌╌╌╌╌╌╌╌╌┼╌╌╌╌╌╌╌╌╌╌╌╌╌╌╌╌╌╌╌╌╌╌╌╌╌╌╌╌╌╌╌╌╌╌╌╌╌╌╌╌╌╌╌╌╌╌╌╌╌╌╌╌╌╌╌╌╌┤",
    "│ 11   ┆ Overdue ┆ 2023-10-01 ┆ alice.smith ┆ /*                                                      │",
    "│      ┆         ┆            ┆             ┆ TODO: 2023-10-01 @alice.smith Implement the function    │",
    "│      ┆         ┆            ┆             ┆ */                                                      │",
    "╰──────┴─────────┴────────────┴─────────────┴─────────────────────────────────────────────────────────╯",
    "╭──────┬─────────┬────────────┬─────────────┬─────────────────────────────────────────────────────────╮",
    "│ Line ┆ Type    ┆ Due Date   ┆ Owner       ┆ cpp/test.cpp                                            │",
    "╞══════╪═════════╪════════════╪═════════════╪═════════════════════════════════════════════════════════╡",
    "│ 3    ┆ Overdue ┆ 2023-10-01 ┆ alice.smith ┆ // TODO: 2023-10-01 @alice.smith Implement the function │",
    "├╌╌╌╌╌╌┼╌╌╌╌╌╌╌╌╌┼╌╌╌╌╌╌╌╌╌╌╌╌┼╌╌╌╌╌╌╌╌╌╌╌╌╌┼╌╌╌╌╌╌╌╌╌╌╌╌╌╌╌╌╌╌╌╌╌╌╌╌╌╌╌╌╌╌╌╌╌╌╌╌╌╌╌╌╌╌╌╌╌╌╌╌╌╌╌╌╌╌╌╌╌┤",
    "│ 11   ┆ Overdue ┆ 2023-10-01 ┆ alice.smith ┆ /*                                                      │",
    "│      ┆         ┆            ┆             ┆ TODO: 2023-10-01 @alice.smith Implement the function    │",
    "│      ┆         ┆            ┆             ┆ */                                                      │",
    "╰──────┴─────────┴────────────┴─────────────┴─────────────────────────────────────────────────────────╯",
    "╭──────┬─────────┬────────────┬─────────────┬────────────────────────────────────────────────────────────╮",
    "│ Line ┆ Type    ┆ Due Date   ┆ Owner       ┆ css/test.css                                               │",
    "╞══════╪═════════╪════════════╪═════════════╪════════════════════════════════════════════════════════════╡",
    "│ 3    ┆ Overdue ┆ 2023-10-01 ┆ alice.smith ┆ /* TODO: 2023-10-01 @alice.smith Implement the function */ │",
    "├╌╌╌╌╌╌┼╌╌╌╌╌╌╌╌╌┼╌╌╌╌╌╌╌╌╌╌╌╌┼╌╌╌╌╌╌╌╌╌╌╌╌╌┼╌╌╌╌╌╌╌╌╌╌╌╌╌╌╌╌╌╌╌╌╌╌╌╌╌╌╌╌╌╌╌╌╌╌╌╌╌╌╌╌╌╌╌╌╌╌╌╌╌╌╌╌╌╌╌╌╌╌╌╌┤",
    "│ 11   ┆ Overdue ┆ 2023-10-01 ┆ alice       ┆ /*                                                         │",
    "│      ┆         ┆            ┆             ┆ TODO: 2023-10-01 @alice Implement the function             │",
    "│      ┆         ┆            ┆             ┆ */                                                         │",
    "╰──────┴─────────┴────────────┴─────────────┴────────────────────────────────────────────────────────────╯",
    "╭──────┬─────────┬────────────┬─────────────┬─────────────────────────────────────────────────────────╮",
    "│ Line ┆ Type    ┆ Due Date   ┆ Owner       ┆ go/test.go                                              │",
    "╞══════╪═════════╪════════════╪═════════════╪═════════════════════════════════════════════════════════╡",
    "│ 3    ┆ Overdue ┆ 2023-10-01 ┆ alice.smith ┆ // TODO: 2023-10-01 @alice.smith Implement the function │",
    "├╌╌╌╌╌╌┼╌╌╌╌╌╌╌╌╌┼╌╌╌╌╌╌╌╌╌╌╌╌┼╌╌╌╌╌╌╌╌╌╌╌╌╌┼╌╌╌╌╌╌╌╌╌╌╌╌╌╌╌╌╌╌╌╌╌╌╌╌╌╌╌╌╌╌╌╌╌╌╌╌╌╌╌╌╌╌╌╌╌╌╌╌╌╌╌╌╌╌╌╌╌┤",
    "│ 11   ┆ Overdue ┆ 2023-10-01 ┆ alice.smith ┆ /*                                                      │",
    "│      ┆         ┆            ┆             ┆ TODO: 2023-10-01 @alice.smith Implement the function    │",
    "│      ┆         ┆            ┆             ┆ */                                                      │",
    "╰──────┴─────────┴────────────┴─────────────┴─────────────────────────────────────────────────────────╯",
    "╭──────┬─────────┬────────────┬─────────────┬─────────────────────────────────────────────────────────╮",
    "│ Line ┆ Type    ┆ Due Date   ┆ Owner       ┆ java/test.java                                          │",
    "╞══════╪═════════╪════════════╪═════════════╪═════════════════════════════════════════════════════════╡",
    "│ 3    ┆ Overdue ┆ 2023-10-01 ┆ alice.smith ┆ // TODO: 2023-10-01 @alice.smith Implement the function │",
    "├╌╌╌╌╌╌┼╌╌╌╌╌╌╌╌╌┼╌╌╌╌╌╌╌╌╌╌╌╌┼╌╌╌╌╌╌╌╌╌╌╌╌╌┼╌╌╌╌╌╌╌╌╌╌╌╌╌╌╌╌╌╌╌╌╌╌╌╌╌╌╌╌╌╌╌╌╌╌╌╌╌╌╌╌╌╌╌╌╌╌╌╌╌╌╌╌╌╌╌╌╌┤",
    "│ 11   ┆ Overdue ┆ 2023-10-01 ┆ alice.smith ┆ /*                                                      │",
    "│      ┆         ┆            ┆             ┆ TODO: 2023-10-01 @alice.smith Implement the function    │",
    "│      ┆         ┆            ┆             ┆ */                                                      │",
    "╰──────┴─────────┴────────────┴─────────────┴─────────────────────────────────────────────────────────╯",
    "╭──────┬─────────┬────────────┬─────────────┬─────────────────────────────────────────────────────────╮",
    "│ Line ┆ Type    ┆ Due Date   ┆ Owner       ┆ javascript/test.js                                      │",
    "╞══════╪═════════╪════════════╪═════════════╪═════════════════════════════════════════════════════════╡",
    "│ 3    ┆ Overdue ┆ 2023-10-01 ┆ alice.smith ┆ // TODO: 2023-10-01 @alice.smith Implement the function │",
    "├╌╌╌╌╌╌┼╌╌╌╌╌╌╌╌╌┼╌╌╌╌╌╌╌╌╌╌╌╌┼╌╌╌╌╌╌╌╌╌╌╌╌╌┼╌╌╌╌╌╌╌╌╌╌╌╌╌╌╌╌╌╌╌╌╌╌╌╌╌╌╌╌╌╌╌╌╌╌╌╌╌╌╌╌╌╌╌╌╌╌╌╌╌╌╌╌╌╌╌╌╌┤",
    "│ 11   ┆ Overdue ┆ 2023-10-01 ┆ alice.smith ┆ /*                                                      │",
    "│      ┆         ┆            ┆             ┆ TODO: 2023-10-01 @alice.smith Implement the function    │",
    "│      ┆         ┆            ┆             ┆ */                                                      │",
    "╰──────┴─────────┴────────────┴─────────────┴─────────────────────────────────────────────────────────╯",
    "╭──────┬─────────┬────────────┬─────────────┬─────────────────────────────────────────────────────────╮",
    "│ Line ┆ Type    ┆ Due Date   ┆ Owner       ┆ php/test.php                                            │",
    "╞══════╪═════════╪════════════╪═════════════╪═════════════════════════════════════════════════════════╡",
    "│ 5    ┆ Overdue ┆ 2023-10-01 ┆ alice.smith ┆ // TODO: 2023-10-01 @alice.smith Implement the function │",
    "├╌╌╌╌╌╌┼╌╌╌╌╌╌╌╌╌┼╌╌╌╌╌╌╌╌╌╌╌╌┼╌╌╌╌╌╌╌╌╌╌╌╌╌┼╌╌╌╌╌╌╌╌╌╌╌╌╌╌╌╌╌╌╌╌╌╌╌╌╌╌╌╌╌╌╌╌╌╌╌╌╌╌╌╌╌╌╌╌╌╌╌╌╌╌╌╌╌╌╌╌╌┤",
    "│ 13   ┆ Overdue ┆ 2023-10-01 ┆ alice.smith ┆ /*                                                      │",
    "│      ┆         ┆            ┆             ┆ TODO: 2023-10-01 @alice.smith Implement the function    │",
    "│      ┆         ┆            ┆             ┆ */                                                      │",
    "╰──────┴─────────┴────────────┴─────────────┴─────────────────────────────────────────────────────────╯",
    "╭──────┬─────────┬────────────┬─────────────┬────────────────────────────────────────────────────────╮",
    "│ Line ┆ Type    ┆ Due Date   ┆ Owner       ┆ python/test.py                                         │",
    "╞══════╪═════════╪════════════╪═════════════╪════════════════════════════════════════════════════════╡",
    "│ 6    ┆ Overdue ┆ 2023-10-01 ┆ alice.smith ┆ \"\"\"                                                    │",
    "│      ┆         ┆            ┆             ┆ TODO: 2023-10-01 @alice.smith Implement the function   │",
    "│      ┆         ┆            ┆             ┆ \"\"\"                                                    │",
    "├╌╌╌╌╌╌┼╌╌╌╌╌╌╌╌╌┼╌╌╌╌╌╌╌╌╌╌╌╌┼╌╌╌╌╌╌╌╌╌╌╌╌╌┼╌╌╌╌╌╌╌╌╌╌╌╌╌╌╌╌╌╌╌╌╌╌╌╌╌╌╌╌╌╌╌╌╌╌╌╌╌╌╌╌╌╌╌╌╌╌╌╌╌╌╌╌╌╌╌╌┤",
    "│ 23   ┆ Overdue ┆ 2023-10-01 ┆ alice.smith ┆ \"\"\"                                                    │",
    "│      ┆         ┆            ┆             ┆ TODO: 2023-10-01 @alice.smith Implement the function   │",
    "│      ┆         ┆            ┆             ┆ \"\"\"                                                    │",
    "├╌╌╌╌╌╌┼╌╌╌╌╌╌╌╌╌┼╌╌╌╌╌╌╌╌╌╌╌╌┼╌╌╌╌╌╌╌╌╌╌╌╌╌┼╌╌╌╌╌╌╌╌╌╌╌╌╌╌╌╌╌╌╌╌╌╌╌╌╌╌╌╌╌╌╌╌╌╌╌╌╌╌╌╌╌╌╌╌╌╌╌╌╌╌╌╌╌╌╌╌┤",
    "│ 28   ┆ Overdue ┆ 2023-10-01 ┆ alice.smith ┆ # TODO: 2023-10-01 @alice.smith Implement the function │",
    "╰──────┴─────────┴────────────┴─────────────┴────────────────────────────────────────────────────────╯",
    "╭──────┬─────────┬────────────┬─────────────┬────────────────────────────────────────────────────────╮",
    "│ Line ┆ Type    ┆ Due Date   ┆ Owner       ┆ ruby/test.rb                                           │",
    "╞══════╪═════════╪════════════╪═════════════╪════════════════════════════════════════════════════════╡",
    "│ 3    ┆ Overdue ┆ 2023-10-01 ┆ alice.smith ┆ # TODO: 2023-10-01 @alice.smith Implement the function │",
    "├╌╌╌╌╌╌┼╌╌╌╌╌╌╌╌╌┼╌╌╌╌╌╌╌╌╌╌╌╌┼╌╌╌╌╌╌╌╌╌╌╌╌╌┼╌╌╌╌╌╌╌╌╌╌╌╌╌╌╌╌╌╌╌╌╌╌╌╌╌╌╌╌╌╌╌╌╌╌╌╌╌╌╌╌╌╌╌╌╌╌╌╌╌╌╌╌╌╌╌╌┤",
    "│ 11   ┆ Overdue ┆ 2023-10-01 ┆ alice.smith ┆ =begin                                                 │",
    "│      ┆         ┆            ┆             ┆ TODO: 2023-10-01 @alice.smith Implement the function   │",
    "│      ┆         ┆            ┆             ┆ =end                                                   │",
    "╰──────┴─────────┴────────────┴─────────────┴────────────────────────────────────────────────────────╯",
    "╭──────┬─────────┬────────────┬───────┬───────────────────────────────────────────────────╮",
    "│ Line ┆ Type    ┆ Due Date   ┆ Owner ┆ rust/no_format.rs                                 │",
    "╞══════╪═════════╪════════════╪═══════╪═══════════════════════════════════════════════════╡",
    "│ 2    ┆ Overdue ┆ 2023-10-01 ┆ alice ┆ // TODO: 2023-10-01 @alice Implement the function │",
    "├╌╌╌╌╌╌┼╌╌╌╌╌╌╌╌╌┼╌╌╌╌╌╌╌╌╌╌╌╌┼╌╌╌╌╌╌╌┼╌╌╌╌╌╌╌╌╌╌╌╌╌╌╌╌╌╌╌╌╌╌╌╌╌╌╌╌╌╌╌╌╌╌╌╌╌╌╌╌╌╌╌╌╌╌╌╌╌╌╌┤",
    "│ 7    ┆ Overdue ┆ 2023-10-01 ┆ alice ┆ /*                                                │",
    "│      ┆         ┆            ┆       ┆ TODO: 2023-10-01 @alice Implement the function    │",
    "│      ┆         ┆            ┆       ┆ */                                                │",
    "╰──────┴─────────┴────────────┴───────┴───────────────────────────────────────────────────╯",
    "╭──────┬─────────┬────────────┬─────────────┬─────────────────────────────────────────────────────────╮",
    "│ Line ┆ Type    ┆ Due Date   ┆ Owner       ┆ rust/test.rs                                            │",
    "╞══════╪═════════╪════════════╪═════════════╪═════════════════════════════════════════════════════════╡",
    "│ 3    ┆ Overdue ┆ 2023-10-01 ┆ alice.smith ┆ // TODO: 2023-10-01 @alice.smith Implement the function │",
    "├╌╌╌╌╌╌┼╌╌╌╌╌╌╌╌╌┼╌╌╌╌╌╌╌╌╌╌╌╌┼╌╌╌╌╌╌╌╌╌╌╌╌╌┼╌╌╌╌╌╌╌╌╌╌╌╌╌╌╌╌╌╌╌╌╌╌╌╌╌╌╌╌╌╌╌╌╌╌╌╌╌╌╌╌╌╌╌╌╌╌╌╌╌╌╌╌╌╌╌╌╌┤",
    "│ 11   ┆ Overdue ┆ 2023-10-01 ┆ alice.smith ┆ /*                                                      │",
    "│      ┆         ┆            ┆             ┆ TODO: 2023-10-01 @alice.smith Implement the function    │",
    "│      ┆         ┆            ┆             ┆ */                                                      │",
    "╰──────┴─────────┴────────────┴─────────────┴─────────────────────────────────────────────────────────╯",
    "╭──────┬─────────┬────────────┬─────────────┬─────────────────────────────────────────────────────────╮",
    "│ Line ┆ Type    ┆ Due Date   ┆ Owner       ┆ typescript/test.ts                                      │",
    "╞══════╪═════════╪════════════╪═════════════╪═════════════════════════════════════════════════════════╡",
    "│ 3    ┆ Overdue ┆ 2023-10-01 ┆ alice.smith ┆ // TODO: 2023-10-01 @alice.smith Implement the function │",
    "├╌╌╌╌╌╌┼╌╌╌╌╌╌╌╌╌┼╌╌╌╌╌╌╌╌╌╌╌╌┼╌╌╌╌╌╌╌╌╌╌╌╌╌┼╌╌╌╌╌╌╌╌╌╌╌╌╌╌╌╌╌╌╌╌╌╌╌╌╌╌╌╌╌╌╌╌╌╌╌╌╌╌╌╌╌╌╌╌╌╌╌╌╌╌╌╌╌╌╌╌╌┤",
    "│ 11   ┆ Overdue ┆ 2023-10-01 ┆ alice.smith ┆ /*                                                      │",
    "│      ┆         ┆            ┆             ┆ TODO: 2023-10-01 @alice.smith Implement the function    │",
    "│      ┆         ┆            ┆             ┆ */                                                      │",
    "╰──────┴─────────┴────────────┴─────────────┴─────────────────────────────────────────────────────────╯",
]
