---
source: tests/integration_tests.rs
assertion_line: 17
expression: "stdout.lines().collect::<Vec<&str>>()"
snapshot_kind: text
---
[
    "╭──────┬─────────┬────────────┬───────┬──────────────────────────────────────────────────╮",
    "│ Line ┆ Type    ┆ Due Date   ┆ Owner ┆ bash/test.sh                                     │",
    "╞══════╪═════════╪════════════╪═══════╪══════════════════════════════════════════════════╡",
    "│ 2    ┆ Format  ┆            ┆       ┆ # TODO: incorrect format                         │",
    "├╌╌╌╌╌╌┼╌╌╌╌╌╌╌╌╌┼╌╌╌╌╌╌╌╌╌╌╌╌┼╌╌╌╌╌╌╌┼╌╌╌╌╌╌╌╌╌╌╌╌╌╌╌╌╌╌╌╌╌╌╌╌╌╌╌╌╌╌╌╌╌╌╌╌╌╌╌╌╌╌╌╌╌╌╌╌╌╌┤",
    "│ 3    ┆ Overdue ┆ 2023-10-01 ┆ alice ┆ # TODO: 2023-10-01 @alice Implement the function │",
    "╰──────┴─────────┴────────────┴───────┴──────────────────────────────────────────────────╯",
    "╭──────┬─────────┬────────────┬───────┬───────────────────────────────────────────────────╮",
    "│ Line ┆ Type    ┆ Due Date   ┆ Owner ┆ c/test.c                                          │",
    "╞══════╪═════════╪════════════╪═══════╪═══════════════════════════════════════════════════╡",
    "│ 2    ┆ Format  ┆            ┆       ┆ // TODO: incorrect format                         │",
    "├╌╌╌╌╌╌┼╌╌╌╌╌╌╌╌╌┼╌╌╌╌╌╌╌╌╌╌╌╌┼╌╌╌╌╌╌╌┼╌╌╌╌╌╌╌╌╌╌╌╌╌╌╌╌╌╌╌╌╌╌╌╌╌╌╌╌╌╌╌╌╌╌╌╌╌╌╌╌╌╌╌╌╌╌╌╌╌╌╌┤",
    "│ 3    ┆ Overdue ┆ 2023-10-01 ┆ alice ┆ // TODO: 2023-10-01 @alice Implement the function │",
    "├╌╌╌╌╌╌┼╌╌╌╌╌╌╌╌╌┼╌╌╌╌╌╌╌╌╌╌╌╌┼╌╌╌╌╌╌╌┼╌╌╌╌╌╌╌╌╌╌╌╌╌╌╌╌╌╌╌╌╌╌╌╌╌╌╌╌╌╌╌╌╌╌╌╌╌╌╌╌╌╌╌╌╌╌╌╌╌╌╌┤",
    "│ 8    ┆ Format  ┆            ┆       ┆ /*                                                │",
    "│      ┆         ┆            ┆       ┆ TODO: incorrect format                            │",
    "│      ┆         ┆            ┆       ┆ */                                                │",
    "├╌╌╌╌╌╌┼╌╌╌╌╌╌╌╌╌┼╌╌╌╌╌╌╌╌╌╌╌╌┼╌╌╌╌╌╌╌┼╌╌╌╌╌╌╌╌╌╌╌╌╌╌╌╌╌╌╌╌╌╌╌╌╌╌╌╌╌╌╌╌╌╌╌╌╌╌╌╌╌╌╌╌╌╌╌╌╌╌╌┤",
    "│ 11   ┆ Overdue ┆ 2023-10-01 ┆ alice ┆ /*                                                │",
    "│      ┆         ┆            ┆       ┆ TODO: 2023-10-01 @alice Implement the function    │",
    "│      ┆         ┆            ┆       ┆ */                                                │",
    "╰──────┴─────────┴────────────┴───────┴───────────────────────────────────────────────────╯",
    "╭──────┬─────────┬────────────┬───────┬───────────────────────────────────────────────────╮",
    "│ Line ┆ Type    ┆ Due Date   ┆ Owner ┆ c_sharp/test.cs                                   │",
    "╞══════╪═════════╪════════════╪═══════╪═══════════════════════════════════════════════════╡",
    "│ 2    ┆ Format  ┆            ┆       ┆ // TODO: incorrect format                         │",
    "├╌╌╌╌╌╌┼╌╌╌╌╌╌╌╌╌┼╌╌╌╌╌╌╌╌╌╌╌╌┼╌╌╌╌╌╌╌┼╌╌╌╌╌╌╌╌╌╌╌╌╌╌╌╌╌╌╌╌╌╌╌╌╌╌╌╌╌╌╌╌╌╌╌╌╌╌╌╌╌╌╌╌╌╌╌╌╌╌╌┤",
    "│ 3    ┆ Overdue ┆ 2023-10-01 ┆ alice ┆ // TODO: 2023-10-01 @alice Implement the function │",
    "├╌╌╌╌╌╌┼╌╌╌╌╌╌╌╌╌┼╌╌╌╌╌╌╌╌╌╌╌╌┼╌╌╌╌╌╌╌┼╌╌╌╌╌╌╌╌╌╌╌╌╌╌╌╌╌╌╌╌╌╌╌╌╌╌╌╌╌╌╌╌╌╌╌╌╌╌╌╌╌╌╌╌╌╌╌╌╌╌╌┤",
    "│ 8    ┆ Format  ┆            ┆       ┆ /*                                                │",
    "│      ┆         ┆            ┆       ┆ TODO: incorrect format                            │",
    "│      ┆         ┆            ┆       ┆ */                                                │",
    "├╌╌╌╌╌╌┼╌╌╌╌╌╌╌╌╌┼╌╌╌╌╌╌╌╌╌╌╌╌┼╌╌╌╌╌╌╌┼╌╌╌╌╌╌╌╌╌╌╌╌╌╌╌╌╌╌╌╌╌╌╌╌╌╌╌╌╌╌╌╌╌╌╌╌╌╌╌╌╌╌╌╌╌╌╌╌╌╌╌┤",
    "│ 11   ┆ Overdue ┆ 2023-10-01 ┆ alice ┆ /*                                                │",
    "│      ┆         ┆            ┆       ┆ TODO: 2023-10-01 @alice Implement the function    │",
    "│      ┆         ┆            ┆       ┆ */                                                │",
    "╰──────┴─────────┴────────────┴───────┴───────────────────────────────────────────────────╯",
    "╭──────┬─────────┬────────────┬───────┬───────────────────────────────────────────────────╮",
    "│ Line ┆ Type    ┆ Due Date   ┆ Owner ┆ cpp/test.cpp                                      │",
    "╞══════╪═════════╪════════════╪═══════╪═══════════════════════════════════════════════════╡",
    "│ 2    ┆ Format  ┆            ┆       ┆ // TODO: incorrect format                         │",
    "├╌╌╌╌╌╌┼╌╌╌╌╌╌╌╌╌┼╌╌╌╌╌╌╌╌╌╌╌╌┼╌╌╌╌╌╌╌┼╌╌╌╌╌╌╌╌╌╌╌╌╌╌╌╌╌╌╌╌╌╌╌╌╌╌╌╌╌╌╌╌╌╌╌╌╌╌╌╌╌╌╌╌╌╌╌╌╌╌╌┤",
    "│ 3    ┆ Overdue ┆ 2023-10-01 ┆ alice ┆ // TODO: 2023-10-01 @alice Implement the function │",
    "├╌╌╌╌╌╌┼╌╌╌╌╌╌╌╌╌┼╌╌╌╌╌╌╌╌╌╌╌╌┼╌╌╌╌╌╌╌┼╌╌╌╌╌╌╌╌╌╌╌╌╌╌╌╌╌╌╌╌╌╌╌╌╌╌╌╌╌╌╌╌╌╌╌╌╌╌╌╌╌╌╌╌╌╌╌╌╌╌╌┤",
    "│ 8    ┆ Format  ┆            ┆       ┆ /*                                                │",
    "│      ┆         ┆            ┆       ┆ TODO: incorrect format                            │",
    "│      ┆         ┆            ┆       ┆ */                                                │",
    "├╌╌╌╌╌╌┼╌╌╌╌╌╌╌╌╌┼╌╌╌╌╌╌╌╌╌╌╌╌┼╌╌╌╌╌╌╌┼╌╌╌╌╌╌╌╌╌╌╌╌╌╌╌╌╌╌╌╌╌╌╌╌╌╌╌╌╌╌╌╌╌╌╌╌╌╌╌╌╌╌╌╌╌╌╌╌╌╌╌┤",
    "│ 11   ┆ Overdue ┆ 2023-10-01 ┆ alice ┆ /*                                                │",
    "│      ┆         ┆            ┆       ┆ TODO: 2023-10-01 @alice Implement the function    │",
    "│      ┆         ┆            ┆       ┆ */                                                │",
    "╰──────┴─────────┴────────────┴───────┴───────────────────────────────────────────────────╯",
    "╭──────┬─────────┬────────────┬───────┬──────────────────────────────────────────────────────╮",
    "│ Line ┆ Type    ┆ Due Date   ┆ Owner ┆ css/test.css                                         │",
    "╞══════╪═════════╪════════════╪═══════╪══════════════════════════════════════════════════════╡",
    "│ 2    ┆ Format  ┆            ┆       ┆ /* TODO: incorrect format */                         │",
    "├╌╌╌╌╌╌┼╌╌╌╌╌╌╌╌╌┼╌╌╌╌╌╌╌╌╌╌╌╌┼╌╌╌╌╌╌╌┼╌╌╌╌╌╌╌╌╌╌╌╌╌╌╌╌╌╌╌╌╌╌╌╌╌╌╌╌╌╌╌╌╌╌╌╌╌╌╌╌╌╌╌╌╌╌╌╌╌╌╌╌╌╌┤",
    "│ 3    ┆ Overdue ┆ 2023-10-01 ┆ alice ┆ /* TODO: 2023-10-01 @alice Implement the function */ │",
    "├╌╌╌╌╌╌┼╌╌╌╌╌╌╌╌╌┼╌╌╌╌╌╌╌╌╌╌╌╌┼╌╌╌╌╌╌╌┼╌╌╌╌╌╌╌╌╌╌╌╌╌╌╌╌╌╌╌╌╌╌╌╌╌╌╌╌╌╌╌╌╌╌╌╌╌╌╌╌╌╌╌╌╌╌╌╌╌╌╌╌╌╌┤",
    "│ 8    ┆ Format  ┆            ┆       ┆ /*                                                   │",
    "│      ┆         ┆            ┆       ┆ TODO: incorrect format                               │",
    "│      ┆         ┆            ┆       ┆ */                                                   │",
    "├╌╌╌╌╌╌┼╌╌╌╌╌╌╌╌╌┼╌╌╌╌╌╌╌╌╌╌╌╌┼╌╌╌╌╌╌╌┼╌╌╌╌╌╌╌╌╌╌╌╌╌╌╌╌╌╌╌╌╌╌╌╌╌╌╌╌╌╌╌╌╌╌╌╌╌╌╌╌╌╌╌╌╌╌╌╌╌╌╌╌╌╌┤",
    "│ 11   ┆ Overdue ┆ 2023-10-01 ┆ alice ┆ /*                                                   │",
    "│      ┆         ┆            ┆       ┆ TODO: 2023-10-01 @alice Implement the function       │",
    "│      ┆         ┆            ┆       ┆ */                                                   │",
    "╰──────┴─────────┴────────────┴───────┴──────────────────────────────────────────────────────╯",
    "╭──────┬─────────┬────────────┬───────┬───────────────────────────────────────────────────╮",
    "│ Line ┆ Type    ┆ Due Date   ┆ Owner ┆ go/test.go                                        │",
    "╞══════╪═════════╪════════════╪═══════╪═══════════════════════════════════════════════════╡",
    "│ 2    ┆ Format  ┆            ┆       ┆ // TODO: incorrect format                         │",
    "├╌╌╌╌╌╌┼╌╌╌╌╌╌╌╌╌┼╌╌╌╌╌╌╌╌╌╌╌╌┼╌╌╌╌╌╌╌┼╌╌╌╌╌╌╌╌╌╌╌╌╌╌╌╌╌╌╌╌╌╌╌╌╌╌╌╌╌╌╌╌╌╌╌╌╌╌╌╌╌╌╌╌╌╌╌╌╌╌╌┤",
    "│ 3    ┆ Overdue ┆ 2023-10-01 ┆ alice ┆ // TODO: 2023-10-01 @alice Implement the function │",
    "├╌╌╌╌╌╌┼╌╌╌╌╌╌╌╌╌┼╌╌╌╌╌╌╌╌╌╌╌╌┼╌╌╌╌╌╌╌┼╌╌╌╌╌╌╌╌╌╌╌╌╌╌╌╌╌╌╌╌╌╌╌╌╌╌╌╌╌╌╌╌╌╌╌╌╌╌╌╌╌╌╌╌╌╌╌╌╌╌╌┤",
    "│ 8    ┆ Format  ┆            ┆       ┆ /*                                                │",
    "│      ┆         ┆            ┆       ┆ TODO: incorrect format                            │",
    "│      ┆         ┆            ┆       ┆ */                                                │",
    "├╌╌╌╌╌╌┼╌╌╌╌╌╌╌╌╌┼╌╌╌╌╌╌╌╌╌╌╌╌┼╌╌╌╌╌╌╌┼╌╌╌╌╌╌╌╌╌╌╌╌╌╌╌╌╌╌╌╌╌╌╌╌╌╌╌╌╌╌╌╌╌╌╌╌╌╌╌╌╌╌╌╌╌╌╌╌╌╌╌┤",
    "│ 11   ┆ Overdue ┆ 2023-10-01 ┆ alice ┆ /*                                                │",
    "│      ┆         ┆            ┆       ┆ TODO: 2023-10-01 @alice Implement the function    │",
    "│      ┆         ┆            ┆       ┆ */                                                │",
    "╰──────┴─────────┴────────────┴───────┴───────────────────────────────────────────────────╯",
    "╭──────┬─────────┬────────────┬───────┬───────────────────────────────────────────────────╮",
    "│ Line ┆ Type    ┆ Due Date   ┆ Owner ┆ java/test.java                                    │",
    "╞══════╪═════════╪════════════╪═══════╪═══════════════════════════════════════════════════╡",
    "│ 2    ┆ Format  ┆            ┆       ┆ // TODO: incorrect format                         │",
    "├╌╌╌╌╌╌┼╌╌╌╌╌╌╌╌╌┼╌╌╌╌╌╌╌╌╌╌╌╌┼╌╌╌╌╌╌╌┼╌╌╌╌╌╌╌╌╌╌╌╌╌╌╌╌╌╌╌╌╌╌╌╌╌╌╌╌╌╌╌╌╌╌╌╌╌╌╌╌╌╌╌╌╌╌╌╌╌╌╌┤",
    "│ 3    ┆ Overdue ┆ 2023-10-01 ┆ alice ┆ // TODO: 2023-10-01 @alice Implement the function │",
    "├╌╌╌╌╌╌┼╌╌╌╌╌╌╌╌╌┼╌╌╌╌╌╌╌╌╌╌╌╌┼╌╌╌╌╌╌╌┼╌╌╌╌╌╌╌╌╌╌╌╌╌╌╌╌╌╌╌╌╌╌╌╌╌╌╌╌╌╌╌╌╌╌╌╌╌╌╌╌╌╌╌╌╌╌╌╌╌╌╌┤",
    "│ 8    ┆ Format  ┆            ┆       ┆ /*                                                │",
    "│      ┆         ┆            ┆       ┆ TODO: incorrect format                            │",
    "│      ┆         ┆            ┆       ┆ */                                                │",
    "├╌╌╌╌╌╌┼╌╌╌╌╌╌╌╌╌┼╌╌╌╌╌╌╌╌╌╌╌╌┼╌╌╌╌╌╌╌┼╌╌╌╌╌╌╌╌╌╌╌╌╌╌╌╌╌╌╌╌╌╌╌╌╌╌╌╌╌╌╌╌╌╌╌╌╌╌╌╌╌╌╌╌╌╌╌╌╌╌╌┤",
    "│ 11   ┆ Overdue ┆ 2023-10-01 ┆ alice ┆ /*                                                │",
    "│      ┆         ┆            ┆       ┆ TODO: 2023-10-01 @alice Implement the function    │",
    "│      ┆         ┆            ┆       ┆ */                                                │",
    "╰──────┴─────────┴────────────┴───────┴───────────────────────────────────────────────────╯",
    "╭──────┬─────────┬────────────┬───────┬───────────────────────────────────────────────────╮",
    "│ Line ┆ Type    ┆ Due Date   ┆ Owner ┆ javascript/test.js                                │",
    "╞══════╪═════════╪════════════╪═══════╪═══════════════════════════════════════════════════╡",
    "│ 2    ┆ Format  ┆            ┆       ┆ // TODO: incorrect format                         │",
    "├╌╌╌╌╌╌┼╌╌╌╌╌╌╌╌╌┼╌╌╌╌╌╌╌╌╌╌╌╌┼╌╌╌╌╌╌╌┼╌╌╌╌╌╌╌╌╌╌╌╌╌╌╌╌╌╌╌╌╌╌╌╌╌╌╌╌╌╌╌╌╌╌╌╌╌╌╌╌╌╌╌╌╌╌╌╌╌╌╌┤",
    "│ 3    ┆ Overdue ┆ 2023-10-01 ┆ alice ┆ // TODO: 2023-10-01 @alice Implement the function │",
    "├╌╌╌╌╌╌┼╌╌╌╌╌╌╌╌╌┼╌╌╌╌╌╌╌╌╌╌╌╌┼╌╌╌╌╌╌╌┼╌╌╌╌╌╌╌╌╌╌╌╌╌╌╌╌╌╌╌╌╌╌╌╌╌╌╌╌╌╌╌╌╌╌╌╌╌╌╌╌╌╌╌╌╌╌╌╌╌╌╌┤",
    "│ 8    ┆ Format  ┆            ┆       ┆ /*                                                │",
    "│      ┆         ┆            ┆       ┆ TODO: incorrect format                            │",
    "│      ┆         ┆            ┆       ┆ */                                                │",
    "├╌╌╌╌╌╌┼╌╌╌╌╌╌╌╌╌┼╌╌╌╌╌╌╌╌╌╌╌╌┼╌╌╌╌╌╌╌┼╌╌╌╌╌╌╌╌╌╌╌╌╌╌╌╌╌╌╌╌╌╌╌╌╌╌╌╌╌╌╌╌╌╌╌╌╌╌╌╌╌╌╌╌╌╌╌╌╌╌╌┤",
    "│ 11   ┆ Overdue ┆ 2023-10-01 ┆ alice ┆ /*                                                │",
    "│      ┆         ┆            ┆       ┆ TODO: 2023-10-01 @alice Implement the function    │",
    "│      ┆         ┆            ┆       ┆ */                                                │",
    "╰──────┴─────────┴────────────┴───────┴───────────────────────────────────────────────────╯",
    "╭──────┬─────────┬────────────┬───────┬──────────────────────────────────────────────────╮",
    "│ Line ┆ Type    ┆ Due Date   ┆ Owner ┆ python/test.py                                   │",
    "╞══════╪═════════╪════════════╪═══════╪══════════════════════════════════════════════════╡",
    "│ 1    ┆ Format  ┆            ┆       ┆ \"\"\"                                              │",
    "│      ┆         ┆            ┆       ┆ TODO fix some issues                             │",
    "│      ┆         ┆            ┆       ┆ \"\"\"                                              │",
    "├╌╌╌╌╌╌┼╌╌╌╌╌╌╌╌╌┼╌╌╌╌╌╌╌╌╌╌╌╌┼╌╌╌╌╌╌╌┼╌╌╌╌╌╌╌╌╌╌╌╌╌╌╌╌╌╌╌╌╌╌╌╌╌╌╌╌╌╌╌╌╌╌╌╌╌╌╌╌╌╌╌╌╌╌╌╌╌╌┤",
    "│ 6    ┆ Overdue ┆ 2023-10-01 ┆ alice ┆ \"\"\"                                              │",
    "│      ┆         ┆            ┆       ┆ TODO: 2023-10-01 @alice Implement the function   │",
    "│      ┆         ┆            ┆       ┆ \"\"\"                                              │",
    "├╌╌╌╌╌╌┼╌╌╌╌╌╌╌╌╌┼╌╌╌╌╌╌╌╌╌╌╌╌┼╌╌╌╌╌╌╌┼╌╌╌╌╌╌╌╌╌╌╌╌╌╌╌╌╌╌╌╌╌╌╌╌╌╌╌╌╌╌╌╌╌╌╌╌╌╌╌╌╌╌╌╌╌╌╌╌╌╌┤",
    "│ 17   ┆ Format  ┆            ┆       ┆ \"\"\"                                              │",
    "│      ┆         ┆            ┆       ┆ TODO: incorrect format                           │",
    "│      ┆         ┆            ┆       ┆ \"\"\"                                              │",
    "├╌╌╌╌╌╌┼╌╌╌╌╌╌╌╌╌┼╌╌╌╌╌╌╌╌╌╌╌╌┼╌╌╌╌╌╌╌┼╌╌╌╌╌╌╌╌╌╌╌╌╌╌╌╌╌╌╌╌╌╌╌╌╌╌╌╌╌╌╌╌╌╌╌╌╌╌╌╌╌╌╌╌╌╌╌╌╌╌┤",
    "│ 23   ┆ Overdue ┆ 2023-10-01 ┆ alice ┆ \"\"\"                                              │",
    "│      ┆         ┆            ┆       ┆ TODO: 2023-10-01 @alice Implement the function   │",
    "│      ┆         ┆            ┆       ┆ \"\"\"                                              │",
    "├╌╌╌╌╌╌┼╌╌╌╌╌╌╌╌╌┼╌╌╌╌╌╌╌╌╌╌╌╌┼╌╌╌╌╌╌╌┼╌╌╌╌╌╌╌╌╌╌╌╌╌╌╌╌╌╌╌╌╌╌╌╌╌╌╌╌╌╌╌╌╌╌╌╌╌╌╌╌╌╌╌╌╌╌╌╌╌╌┤",
    "│ 27   ┆ Format  ┆            ┆       ┆ # TODO: incorrect format                         │",
    "├╌╌╌╌╌╌┼╌╌╌╌╌╌╌╌╌┼╌╌╌╌╌╌╌╌╌╌╌╌┼╌╌╌╌╌╌╌┼╌╌╌╌╌╌╌╌╌╌╌╌╌╌╌╌╌╌╌╌╌╌╌╌╌╌╌╌╌╌╌╌╌╌╌╌╌╌╌╌╌╌╌╌╌╌╌╌╌╌┤",
    "│ 28   ┆ Overdue ┆ 2023-10-01 ┆ alice ┆ # TODO: 2023-10-01 @alice Implement the function │",
    "╰──────┴─────────┴────────────┴───────┴──────────────────────────────────────────────────╯",
]
