---
source: tests/integration_tests.rs
expression: "stdout.lines().collect::<Vec<&str>>()"
---
[
    "╭──────┬────────┬──────────┬───────┬──────────────────────────╮",
    "│ Line ┆ Type   ┆ Due Date ┆ Owner ┆ bash/test.sh             │",
    "╞══════╪════════╪══════════╪═══════╪══════════════════════════╡",
    "│ 2    ┆ Format ┆          ┆       ┆ # TODO: incorrect format │",
    "╰──────┴────────┴──────────┴───────┴──────────────────────────╯",
    "╭──────┬────────┬──────────┬───────┬───────────────────────────╮",
    "│ Line ┆ Type   ┆ Due Date ┆ Owner ┆ c/test.c                  │",
    "╞══════╪════════╪══════════╪═══════╪═══════════════════════════╡",
    "│ 2    ┆ Format ┆          ┆       ┆ // TODO: incorrect format │",
    "├╌╌╌╌╌╌┼╌╌╌╌╌╌╌╌┼╌╌╌╌╌╌╌╌╌╌┼╌╌╌╌╌╌╌┼╌╌╌╌╌╌╌╌╌╌╌╌╌╌╌╌╌╌╌╌╌╌╌╌╌╌╌┤",
    "│ 8    ┆ Format ┆          ┆       ┆ /*                        │",
    "│      ┆        ┆          ┆       ┆ TODO: incorrect format    │",
    "│      ┆        ┆          ┆       ┆ */                        │",
    "╰──────┴────────┴──────────┴───────┴───────────────────────────╯",
    "╭──────┬────────┬──────────┬───────┬───────────────────────────╮",
    "│ Line ┆ Type   ┆ Due Date ┆ Owner ┆ c_sharp/test.cs           │",
    "╞══════╪════════╪══════════╪═══════╪═══════════════════════════╡",
    "│ 2    ┆ Format ┆          ┆       ┆ // TODO: incorrect format │",
    "├╌╌╌╌╌╌┼╌╌╌╌╌╌╌╌┼╌╌╌╌╌╌╌╌╌╌┼╌╌╌╌╌╌╌┼╌╌╌╌╌╌╌╌╌╌╌╌╌╌╌╌╌╌╌╌╌╌╌╌╌╌╌┤",
    "│ 8    ┆ Format ┆          ┆       ┆ /*                        │",
    "│      ┆        ┆          ┆       ┆ TODO: incorrect format    │",
    "│      ┆        ┆          ┆       ┆ */                        │",
    "╰──────┴────────┴──────────┴───────┴───────────────────────────╯",
    "╭──────┬────────┬──────────┬───────┬───────────────────────────╮",
    "│ Line ┆ Type   ┆ Due Date ┆ Owner ┆ cpp/test.cpp              │",
    "╞══════╪════════╪══════════╪═══════╪═══════════════════════════╡",
    "│ 2    ┆ Format ┆          ┆       ┆ // TODO: incorrect format │",
    "├╌╌╌╌╌╌┼╌╌╌╌╌╌╌╌┼╌╌╌╌╌╌╌╌╌╌┼╌╌╌╌╌╌╌┼╌╌╌╌╌╌╌╌╌╌╌╌╌╌╌╌╌╌╌╌╌╌╌╌╌╌╌┤",
    "│ 8    ┆ Format ┆          ┆       ┆ /*                        │",
    "│      ┆        ┆          ┆       ┆ TODO: incorrect format    │",
    "│      ┆        ┆          ┆       ┆ */                        │",
    "╰──────┴────────┴──────────┴───────┴───────────────────────────╯",
    "╭──────┬────────┬──────────┬───────┬──────────────────────────────╮",
    "│ Line ┆ Type   ┆ Due Date ┆ Owner ┆ css/test.css                 │",
    "╞══════╪════════╪══════════╪═══════╪══════════════════════════════╡",
    "│ 2    ┆ Format ┆          ┆       ┆ /* TODO: incorrect format */ │",
    "├╌╌╌╌╌╌┼╌╌╌╌╌╌╌╌┼╌╌╌╌╌╌╌╌╌╌┼╌╌╌╌╌╌╌┼╌╌╌╌╌╌╌╌╌╌╌╌╌╌╌╌╌╌╌╌╌╌╌╌╌╌╌╌╌╌┤",
    "│ 8    ┆ Format ┆          ┆       ┆ /*                           │",
    "│      ┆        ┆          ┆       ┆ TODO: incorrect format       │",
    "│      ┆        ┆          ┆       ┆ */                           │",
    "╰──────┴────────┴──────────┴───────┴──────────────────────────────╯",
    "╭──────┬────────┬──────────┬───────┬───────────────────────────╮",
    "│ Line ┆ Type   ┆ Due Date ┆ Owner ┆ go/test.go                │",
    "╞══════╪════════╪══════════╪═══════╪═══════════════════════════╡",
    "│ 2    ┆ Format ┆          ┆       ┆ // TODO: incorrect format │",
    "├╌╌╌╌╌╌┼╌╌╌╌╌╌╌╌┼╌╌╌╌╌╌╌╌╌╌┼╌╌╌╌╌╌╌┼╌╌╌╌╌╌╌╌╌╌╌╌╌╌╌╌╌╌╌╌╌╌╌╌╌╌╌┤",
    "│ 8    ┆ Format ┆          ┆       ┆ /*                        │",
    "│      ┆        ┆          ┆       ┆ TODO: incorrect format    │",
    "│      ┆        ┆          ┆       ┆ */                        │",
    "╰──────┴────────┴──────────┴───────┴───────────────────────────╯",
    "╭──────┬────────┬──────────┬───────┬───────────────────────────╮",
    "│ Line ┆ Type   ┆ Due Date ┆ Owner ┆ java/test.java            │",
    "╞══════╪════════╪══════════╪═══════╪═══════════════════════════╡",
    "│ 2    ┆ Format ┆          ┆       ┆ // TODO: incorrect format │",
    "├╌╌╌╌╌╌┼╌╌╌╌╌╌╌╌┼╌╌╌╌╌╌╌╌╌╌┼╌╌╌╌╌╌╌┼╌╌╌╌╌╌╌╌╌╌╌╌╌╌╌╌╌╌╌╌╌╌╌╌╌╌╌┤",
    "│ 8    ┆ Format ┆          ┆       ┆ /*                        │",
    "│      ┆        ┆          ┆       ┆ TODO: incorrect format    │",
    "│      ┆        ┆          ┆       ┆ */                        │",
    "╰──────┴────────┴──────────┴───────┴───────────────────────────╯",
    "╭──────┬────────┬──────────┬───────┬───────────────────────────╮",
    "│ Line ┆ Type   ┆ Due Date ┆ Owner ┆ javascript/test.js        │",
    "╞══════╪════════╪══════════╪═══════╪═══════════════════════════╡",
    "│ 2    ┆ Format ┆          ┆       ┆ // TODO: incorrect format │",
    "├╌╌╌╌╌╌┼╌╌╌╌╌╌╌╌┼╌╌╌╌╌╌╌╌╌╌┼╌╌╌╌╌╌╌┼╌╌╌╌╌╌╌╌╌╌╌╌╌╌╌╌╌╌╌╌╌╌╌╌╌╌╌┤",
    "│ 8    ┆ Format ┆          ┆       ┆ /*                        │",
    "│      ┆        ┆          ┆       ┆ TODO: incorrect format    │",
    "│      ┆        ┆          ┆       ┆ */                        │",
    "╰──────┴────────┴──────────┴───────┴───────────────────────────╯",
    "╭──────┬────────┬──────────┬───────┬───────────────────────────╮",
    "│ Line ┆ Type   ┆ Due Date ┆ Owner ┆ php/test.php              │",
    "╞══════╪════════╪══════════╪═══════╪═══════════════════════════╡",
    "│ 4    ┆ Format ┆          ┆       ┆ // TODO: incorrect format │",
    "├╌╌╌╌╌╌┼╌╌╌╌╌╌╌╌┼╌╌╌╌╌╌╌╌╌╌┼╌╌╌╌╌╌╌┼╌╌╌╌╌╌╌╌╌╌╌╌╌╌╌╌╌╌╌╌╌╌╌╌╌╌╌┤",
    "│ 10   ┆ Format ┆          ┆       ┆ /*                        │",
    "│      ┆        ┆          ┆       ┆ TODO: incorrect format    │",
    "│      ┆        ┆          ┆       ┆ */                        │",
    "╰──────┴────────┴──────────┴───────┴───────────────────────────╯",
    "╭──────┬────────┬──────────┬───────┬──────────────────────────╮",
    "│ Line ┆ Type   ┆ Due Date ┆ Owner ┆ python/test.py           │",
    "╞══════╪════════╪══════════╪═══════╪══════════════════════════╡",
    "│ 1    ┆ Format ┆          ┆       ┆ \"\"\"                      │",
    "│      ┆        ┆          ┆       ┆ TODO fix some issues     │",
    "│      ┆        ┆          ┆       ┆ \"\"\"                      │",
    "├╌╌╌╌╌╌┼╌╌╌╌╌╌╌╌┼╌╌╌╌╌╌╌╌╌╌┼╌╌╌╌╌╌╌┼╌╌╌╌╌╌╌╌╌╌╌╌╌╌╌╌╌╌╌╌╌╌╌╌╌╌┤",
    "│ 17   ┆ Format ┆          ┆       ┆ \"\"\"                      │",
    "│      ┆        ┆          ┆       ┆ TODO: incorrect format   │",
    "│      ┆        ┆          ┆       ┆ \"\"\"                      │",
    "├╌╌╌╌╌╌┼╌╌╌╌╌╌╌╌┼╌╌╌╌╌╌╌╌╌╌┼╌╌╌╌╌╌╌┼╌╌╌╌╌╌╌╌╌╌╌╌╌╌╌╌╌╌╌╌╌╌╌╌╌╌┤",
    "│ 27   ┆ Format ┆          ┆       ┆ # TODO: incorrect format │",
    "╰──────┴────────┴──────────┴───────┴──────────────────────────╯",
    "╭──────┬────────┬──────────┬───────┬──────────────────────────╮",
    "│ Line ┆ Type   ┆ Due Date ┆ Owner ┆ ruby/test.rb             │",
    "╞══════╪════════╪══════════╪═══════╪══════════════════════════╡",
    "│ 2    ┆ Format ┆          ┆       ┆ # TODO: incorrect format │",
    "├╌╌╌╌╌╌┼╌╌╌╌╌╌╌╌┼╌╌╌╌╌╌╌╌╌╌┼╌╌╌╌╌╌╌┼╌╌╌╌╌╌╌╌╌╌╌╌╌╌╌╌╌╌╌╌╌╌╌╌╌╌┤",
    "│ 8    ┆ Format ┆          ┆       ┆ =begin                   │",
    "│      ┆        ┆          ┆       ┆ TODO: incorrect format   │",
    "│      ┆        ┆          ┆       ┆ =end                     │",
    "╰──────┴────────┴──────────┴───────┴──────────────────────────╯",
    "╭──────┬────────┬──────────┬───────┬───────────────────────────╮",
    "│ Line ┆ Type   ┆ Due Date ┆ Owner ┆ rust/no_due.rs            │",
    "╞══════╪════════╪══════════╪═══════╪═══════════════════════════╡",
    "│ 2    ┆ Format ┆          ┆       ┆ // TODO: incorrect format │",
    "├╌╌╌╌╌╌┼╌╌╌╌╌╌╌╌┼╌╌╌╌╌╌╌╌╌╌┼╌╌╌╌╌╌╌┼╌╌╌╌╌╌╌╌╌╌╌╌╌╌╌╌╌╌╌╌╌╌╌╌╌╌╌┤",
    "│ 7    ┆ Format ┆          ┆       ┆ /*                        │",
    "│      ┆        ┆          ┆       ┆ TODO: incorrect format    │",
    "│      ┆        ┆          ┆       ┆ */                        │",
    "╰──────┴────────┴──────────┴───────┴───────────────────────────╯",
    "╭──────┬────────┬──────────┬───────┬───────────────────────────╮",
    "│ Line ┆ Type   ┆ Due Date ┆ Owner ┆ rust/test.rs              │",
    "╞══════╪════════╪══════════╪═══════╪═══════════════════════════╡",
    "│ 2    ┆ Format ┆          ┆       ┆ // TODO: incorrect format │",
    "├╌╌╌╌╌╌┼╌╌╌╌╌╌╌╌┼╌╌╌╌╌╌╌╌╌╌┼╌╌╌╌╌╌╌┼╌╌╌╌╌╌╌╌╌╌╌╌╌╌╌╌╌╌╌╌╌╌╌╌╌╌╌┤",
    "│ 8    ┆ Format ┆          ┆       ┆ /*                        │",
    "│      ┆        ┆          ┆       ┆ TODO: incorrect format    │",
    "│      ┆        ┆          ┆       ┆ */                        │",
    "╰──────┴────────┴──────────┴───────┴───────────────────────────╯",
    "╭──────┬────────┬──────────┬───────┬───────────────────────────╮",
    "│ Line ┆ Type   ┆ Due Date ┆ Owner ┆ typescript/test.ts        │",
    "╞══════╪════════╪══════════╪═══════╪═══════════════════════════╡",
    "│ 2    ┆ Format ┆          ┆       ┆ // TODO: incorrect format │",
    "├╌╌╌╌╌╌┼╌╌╌╌╌╌╌╌┼╌╌╌╌╌╌╌╌╌╌┼╌╌╌╌╌╌╌┼╌╌╌╌╌╌╌╌╌╌╌╌╌╌╌╌╌╌╌╌╌╌╌╌╌╌╌┤",
    "│ 8    ┆ Format ┆          ┆       ┆ /*                        │",
    "│      ┆        ┆          ┆       ┆ TODO: incorrect format    │",
    "│      ┆        ┆          ┆       ┆ */                        │",
    "╰──────┴────────┴──────────┴───────┴───────────────────────────╯",
]
